src/components/layout/DockItem.tsx(37,30): error TS2604: JSX element type 'IconComponent' does not have any construct or call signatures.
src/components/layout/DockItem.tsx(37,30): error TS2786: 'IconComponent' cannot be used as a JSX component.
  Its type 'ReactNode | LucideIcon' is not a valid JSX element type.
    Type 'undefined' is not assignable to type 'ElementType'.
src/components/layout/PageTransition.tsx(145,7): error TS2322: Type '{ initial: { opacity: number; scale?: undefined; filter?: undefined; x?: undefined; y?: undefined; }; animate: { opacity: number; transition: { duration: number; ease: BezierDefinition; ... 5 more ...; opacity?: undefined; }; scale?: undefined; filter?: undefined; x?: undefined; y?: undefined; }; exit: { ...; }; } |...' is not assignable to type 'Variants | undefined'.
  Type '{ initial: { opacity: number; scale: number; filter: string; x?: undefined; y?: undefined; }; animate: { opacity: number; scale: number; filter: string; transition: { type: string; stiffness: number; damping: number; ... 4 more ...; opacity?: undefined; }; x?: undefined; y?: undefined; }; exit: { ...; }; }' is not assignable to type 'Variants'.
    Property 'animate' is incompatible with index signature.
      Type '{ opacity: number; scale: number; filter: string; transition: { type: string; stiffness: number; damping: number; filter: { duration: number; }; duration?: undefined; ease?: undefined; mass?: undefined; opacity?: undefined; }; x?: undefined; y?: undefined; }' is not assignable to type 'Variant'.
        Type '{ opacity: number; scale: number; filter: string; transition: { type: string; stiffness: number; damping: number; filter: { duration: number; }; duration?: undefined; ease?: undefined; mass?: undefined; opacity?: undefined; }; x?: undefined; y?: undefined; }' is not assignable to type 'TargetAndTransition'.
          Type '{ opacity: number; scale: number; filter: string; transition: { type: string; stiffness: number; damping: number; filter: { duration: number; }; duration?: undefined; ease?: undefined; mass?: undefined; opacity?: undefined; }; x?: undefined; y?: undefined; }' is not assignable to type '{ transition?: Transition<any> | undefined; transitionEnd?: ResolvedValues | undefined; }'.
            Types of property 'transition' are incompatible.
              Type '{ type: string; stiffness: number; damping: number; filter: { duration: number; }; duration?: undefined; ease?: undefined; mass?: undefined; opacity?: undefined; }' is not assignable to type 'Transition<any> | undefined'.
                Type '{ type: string; stiffness: number; damping: number; filter: { duration: number; }; duration?: undefined; ease?: undefined; mass?: undefined; opacity?: undefined; }' is not assignable to type 'TransitionWithValueOverrides<any>'.
                  Type '{ type: string; stiffness: number; damping: number; filter: { duration: number; }; duration?: undefined; ease?: undefined; mass?: undefined; opacity?: undefined; }' is not assignable to type 'ValueAnimationTransition<any>'.
                    Types of property 'type' are incompatible.
                      Type 'string' is not assignable to type 'AnimationGeneratorType | undefined'.
